127.0.0.1 - - [24/Jul/2015:12:24:08 -0400] "GET / HTTP/1.1" 404 994
127.0.0.1 - - [24/Jul/2015:12:42:00 -0400] "GET /gt-fhir-webapp/base/metadata HTTP/1.1" 200 6188
127.0.0.1 - - [24/Jul/2015:12:42:01 -0400] "GET /gt-fhir-webapp/base/metadata HTTP/1.1" 200 6188
0:0:0:0:0:0:0:1 - - [24/Jul/2015:12:42:03 -0400] "GET /gt-fhir-webapp/ HTTP/1.1" 200 58221
0:0:0:0:0:0:0:1 - - [24/Jul/2015:12:42:04 -0400] "GET /gt-fhir-webapp/css/hapi-narrative.css HTTP/1.1" 304 -
0:0:0:0:0:0:0:1 - - [24/Jul/2015:12:42:04 -0400] "GET /gt-fhir-webapp/js/bootstrap.min.js HTTP/1.1" 304 -
0:0:0:0:0:0:0:1 - - [24/Jul/2015:12:42:04 -0400] "GET /gt-fhir-webapp/css/tester.css HTTP/1.1" 304 -
0:0:0:0:0:0:0:1 - - [24/Jul/2015:12:42:04 -0400] "GET /gt-fhir-webapp/js/moment.min.js HTTP/1.1" 304 -
0:0:0:0:0:0:0:1 - - [24/Jul/2015:12:42:04 -0400] "GET /gt-fhir-webapp/css/bootstrap-datetimepicker.min.css HTTP/1.1" 304 -
0:0:0:0:0:0:0:1 - - [24/Jul/2015:12:42:04 -0400] "GET /gt-fhir-webapp/js/bootstrap-datetimepicker.min.js HTTP/1.1" 304 -
0:0:0:0:0:0:0:1 - - [24/Jul/2015:12:42:04 -0400] "GET /gt-fhir-webapp/js/jquery-2.1.0.min.js HTTP/1.1" 304 -
0:0:0:0:0:0:0:1 - - [24/Jul/2015:12:42:04 -0400] "GET /gt-fhir-webapp/css/select2.css HTTP/1.1" 304 -
0:0:0:0:0:0:0:1 - - [24/Jul/2015:12:42:04 -0400] "GET /gt-fhir-webapp/css/bootstrap.min.css HTTP/1.1" 304 -
0:0:0:0:0:0:0:1 - - [24/Jul/2015:12:42:05 -0400] "GET /gt-fhir-webapp/js/select2.min.js HTTP/1.1" 304 -
0:0:0:0:0:0:0:1 - - [24/Jul/2015:12:42:05 -0400] "GET /gt-fhir-webapp/js/RestfulTester.js HTTP/1.1" 200 23884
0:0:0:0:0:0:0:1 - - [24/Jul/2015:12:42:05 -0400] "GET /gt-fhir-webapp/fa/css/font-awesome.min.css HTTP/1.1" 304 -
0:0:0:0:0:0:0:1 - - [24/Jul/2015:12:42:05 -0400] "GET /gt-fhir-webapp/img/hapi_fhir_banner_right.png HTTP/1.1" 304 -
0:0:0:0:0:0:0:1 - - [24/Jul/2015:12:42:05 -0400] "GET /gt-fhir-webapp/img/hapi_fhir_banner.png HTTP/1.1" 304 -
0:0:0:0:0:0:0:1 - - [24/Jul/2015:12:42:08 -0400] "GET /gt-fhir-webapp/fonts/glyphicons-halflings-regular.woff HTTP/1.1" 304 -
0:0:0:0:0:0:0:1 - - [24/Jul/2015:12:42:08 -0400] "GET /gt-fhir-webapp/fa/fonts/fontawesome-webfont.woff?v=4.1.0 HTTP/1.1" 304 -
127.0.0.1 - - [24/Jul/2015:12:46:43 -0400] "GET /gt-fhir-webapp/base/metadata HTTP/1.1" 200 6188
0:0:0:0:0:0:0:1 - - [24/Jul/2015:12:46:43 -0400] "GET /gt-fhir-webapp/resource?serverId=home&resource=Condition HTTP/1.1" 200 78047
0:0:0:0:0:0:0:1 - - [24/Jul/2015:12:46:44 -0400] "GET /gt-fhir-webapp/css/select2.png HTTP/1.1" 304 -
0:0:0:0:0:0:0:1 - - [24/Jul/2015:12:46:46 -0400] "GET /gt-fhir-webapp/css/select2-spinner.gif HTTP/1.1" 200 1849
127.0.0.1 - - [24/Jul/2015:12:48:27 -0400] "GET /gt-fhir-webapp/base/metadata HTTP/1.1" 200 6188
0:0:0:0:0:0:0:1 - - [24/Jul/2015:12:48:28 -0400] "GET /gt-fhir-webapp/resource?serverId=home&resource=Encounter HTTP/1.1" 200 79904
127.0.0.1 - - [24/Jul/2015:12:48:36 -0400] "GET /gt-fhir-webapp/base/metadata HTTP/1.1" 200 6188
0:0:0:0:0:0:0:1 - - [24/Jul/2015:12:48:37 -0400] "GET /gt-fhir-webapp/resource?serverId=home&resource=Location HTTP/1.1" 200 77232
127.0.0.1 - - [24/Jul/2015:12:48:42 -0400] "GET /gt-fhir-webapp/base/metadata HTTP/1.1" 200 6188
0:0:0:0:0:0:0:1 - - [24/Jul/2015:12:48:42 -0400] "GET /gt-fhir-webapp/resource?serverId=home&resource=Medication HTTP/1.1" 200 76833
127.0.0.1 - - [24/Jul/2015:12:48:54 -0400] "GET /gt-fhir-webapp/base/metadata HTTP/1.1" 200 6188
0:0:0:0:0:0:0:1 - - [24/Jul/2015:12:48:55 -0400] "GET /gt-fhir-webapp/resource?serverId=home&resource=MedicationDispense HTTP/1.1" 200 78088
127.0.0.1 - - [24/Jul/2015:12:49:02 -0400] "GET /gt-fhir-webapp/base/metadata HTTP/1.1" 200 6188
0:0:0:0:0:0:0:1 - - [24/Jul/2015:12:49:03 -0400] "GET /gt-fhir-webapp/resource?serverId=home&resource=MedicationPrescription HTTP/1.1" 200 77021
127.0.0.1 - - [24/Jul/2015:12:49:29 -0400] "GET /gt-fhir-webapp/base/metadata HTTP/1.1" 200 6188
0:0:0:0:0:0:0:1 - - [24/Jul/2015:12:49:30 -0400] "GET /gt-fhir-webapp/resource?serverId=home&resource=Observation HTTP/1.1" 200 78403
127.0.0.1 - - [24/Jul/2015:12:50:11 -0400] "GET /gt-fhir-webapp/base/metadata HTTP/1.1" 200 6188
0:0:0:0:0:0:0:1 - - [24/Jul/2015:12:50:12 -0400] "GET /gt-fhir-webapp/resource?serverId=home&resource=Patient HTTP/1.1" 200 80115
127.0.0.1 - - [24/Jul/2015:12:51:06 -0400] "GET /gt-fhir-webapp/base/metadata HTTP/1.1" 200 6188
0:0:0:0:0:0:0:1 - - [24/Jul/2015:12:51:07 -0400] "GET /gt-fhir-webapp/resource?serverId=home&resource=Medication HTTP/1.1" 200 76833
127.0.0.1 - - [24/Jul/2015:12:56:56 -0400] "GET /gt-fhir-webapp/base/metadata HTTP/1.1" 200 6188
127.0.0.1 - - [24/Jul/2015:12:56:57 -0400] "GET /gt-fhir-webapp/base/Medication?name=honey HTTP/1.1" 500 441
0:0:0:0:0:0:0:1 - - [24/Jul/2015:12:56:57 -0400] "GET /gt-fhir-webapp/search?serverId=home&resource=Medication&param.0.qualifier=&param.0.0=honey&param.0.name=name&param.0.type=string&sort_by=&sort_direction=&resource-search-limit= HTTP/1.1" 200 58233
0:0:0:0:0:0:0:1 - - [24/Jul/2015:12:56:57 -0400] "GET /gt-fhir-webapp/js/ClientCodeGeneratorHapi.js HTTP/1.1" 200 4569
127.0.0.1 - - [24/Jul/2015:12:59:13 -0400] "GET /gt-fhir-webapp/base/metadata HTTP/1.1" 200 6188
0:0:0:0:0:0:0:1 - - [24/Jul/2015:12:59:13 -0400] "GET /gt-fhir-webapp/resource?serverId=home&resource=Medication HTTP/1.1" 200 76833
127.0.0.1 - - [24/Jul/2015:12:59:20 -0400] "GET /gt-fhir-webapp/base/metadata HTTP/1.1" 200 6188
127.0.0.1 - - [24/Jul/2015:12:59:20 -0400] "GET /gt-fhir-webapp/base/Medication?_id=2 HTTP/1.1" 500 441
0:0:0:0:0:0:0:1 - - [24/Jul/2015:12:59:20 -0400] "GET /gt-fhir-webapp/search?serverId=home&resource=Medication&param.0.qualifier=&param.0.0=2&param.0.name=_id&param.0.type=string&sort_by=&sort_direction=&resource-search-limit= HTTP/1.1" 200 58217
127.0.0.1 - - [24/Jul/2015:12:59:59 -0400] "GET /gt-fhir-webapp/base/metadata HTTP/1.1" 200 6188
0:0:0:0:0:0:0:1 - - [24/Jul/2015:13:00:00 -0400] "GET /gt-fhir-webapp/resource?serverId=home&resource=MedicationDispense HTTP/1.1" 200 78088
127.0.0.1 - - [24/Jul/2015:13:00:19 -0400] "GET /gt-fhir-webapp/base/metadata HTTP/1.1" 200 6187
127.0.0.1 - - [24/Jul/2015:13:00:19 -0400] "GET /gt-fhir-webapp/base/MedicationDispense?patient._id=1 HTTP/1.1" 500 441
0:0:0:0:0:0:0:1 - - [24/Jul/2015:13:00:19 -0400] "GET /gt-fhir-webapp/search?serverId=home&resource=MedicationDispense&param.0.qualifier=&param.0.0=1&param.0.name=patient._id&param.0.type=string&sort_by=&sort_direction=&resource-search-limit= HTTP/1.1" 200 58298
127.0.0.1 - - [24/Jul/2015:13:01:44 -0400] "GET /gt-fhir-webapp/base/metadata HTTP/1.1" 200 6188
0:0:0:0:0:0:0:1 - - [24/Jul/2015:13:01:55 -0400] "GET /gt-fhir-webapp/search?serverId=home&resource=MedicationDispense&param.0.qualifier=&param.0.0=1&param.0.name=patient._id&param.0.type=string&sort_by=&sort_direction=&resource-search-limit= HTTP/1.1" 200 53577
127.0.0.1 - - [24/Jul/2015:13:08:35 -0400] "GET /gt-fhir-webapp/base/metadata HTTP/1.1" 200 6188
127.0.0.1 - - [24/Jul/2015:13:08:36 -0400] "GET /gt-fhir-webapp/base/metadata HTTP/1.1" 200 6187
0:0:0:0:0:0:0:1 - - [24/Jul/2015:13:08:37 -0400] "GET /gt-fhir-webapp/resource?serverId=home&resource=MedicationDispense HTTP/1.1" 200 78088
127.0.0.1 - - [24/Jul/2015:13:08:51 -0400] "GET /gt-fhir-webapp/base/metadata HTTP/1.1" 200 6189
127.0.0.1 - - [24/Jul/2015:13:08:58 -0400] "GET /gt-fhir-webapp/base/MedicationDispense?patient._id=1 HTTP/1.1" 500 441
0:0:0:0:0:0:0:1 - - [24/Jul/2015:13:08:58 -0400] "GET /gt-fhir-webapp/search?serverId=home&resource=MedicationDispense&param.0.qualifier=&param.0.0=1&param.0.name=patient._id&param.0.type=string&sort_by=&sort_direction=&resource-search-limit= HTTP/1.1" 200 58299
127.0.0.1 - - [24/Jul/2015:15:16:31 -0400] "GET / HTTP/1.1" 404 994
127.0.0.1 - - [24/Jul/2015:15:16:49 -0400] "GET /gt-fhir-webapp/base/metadata HTTP/1.1" 200 6190
127.0.0.1 - - [24/Jul/2015:15:16:49 -0400] "GET /gt-fhir-webapp/base/metadata HTTP/1.1" 200 6189
0:0:0:0:0:0:0:1 - - [24/Jul/2015:15:16:51 -0400] "GET /gt-fhir-webapp/resource?serverId=home&resource=MedicationDispense HTTP/1.1" 200 78088
0:0:0:0:0:0:0:1 - - [24/Jul/2015:15:16:51 -0400] "GET /gt-fhir-webapp/js/RestfulTester.js HTTP/1.1" 304 -
127.0.0.1 - - [24/Jul/2015:15:17:02 -0400] "GET /gt-fhir-webapp/base/metadata HTTP/1.1" 200 6190
127.0.0.1 - - [24/Jul/2015:15:17:04 -0400] "GET /gt-fhir-webapp/base/MedicationDispense HTTP/1.1" 500 359
0:0:0:0:0:0:0:1 - - [24/Jul/2015:15:17:05 -0400] "GET /gt-fhir-webapp/search?serverId=home&resource=MedicationDispense&param.0.qualifier=&param.0.0=&param.0.name=_id&param.0.type=string&sort_by=&sort_direction=&resource-search-limit= HTTP/1.1" 200 57879
127.0.0.1 - - [24/Jul/2015:15:18:54 -0400] "GET /gt-fhir-webapp/base/metadata HTTP/1.1" 200 6190
127.0.0.1 - - [24/Jul/2015:15:18:54 -0400] "GET /gt-fhir-webapp/base/MedicationDispense HTTP/1.1" 500 359
0:0:0:0:0:0:0:1 - - [24/Jul/2015:15:18:54 -0400] "GET /gt-fhir-webapp/search?serverId=home&resource=MedicationDispense&param.0.qualifier=&param.0.0=&param.0.name=_id&param.0.type=string&sort_by=&sort_direction=&resource-search-limit= HTTP/1.1" 200 57878
127.0.0.1 - - [24/Jul/2015:15:19:21 -0400] "GET /gt-fhir-webapp/base/metadata HTTP/1.1" 200 6190
127.0.0.1 - - [24/Jul/2015:15:19:21 -0400] "GET /gt-fhir-webapp/base/MedicationDispense HTTP/1.1" 500 359
0:0:0:0:0:0:0:1 - - [24/Jul/2015:15:19:22 -0400] "GET /gt-fhir-webapp/search?serverId=home&resource=MedicationDispense&param.0.qualifier=&param.0.0=&param.0.name=_id&param.0.type=string&sort_by=&sort_direction=&resource-search-limit= HTTP/1.1" 200 57878
127.0.0.1 - - [24/Jul/2015:15:20:42 -0400] "GET / HTTP/1.1" 404 994
127.0.0.1 - - [24/Jul/2015:15:22:09 -0400] "GET /gt-fhir-webapp/base/metadata HTTP/1.1" 200 6192
127.0.0.1 - - [24/Jul/2015:15:22:09 -0400] "GET /gt-fhir-webapp/base/metadata HTTP/1.1" 200 6192
0:0:0:0:0:0:0:1 - - [24/Jul/2015:15:22:22 -0400] "GET /gt-fhir-webapp/search?serverId=home&resource=MedicationDispense&param.0.qualifier=&param.0.0=&param.0.name=_id&param.0.type=string&sort_by=&sort_direction=&resource-search-limit= HTTP/1.1" 200 53349
127.0.0.1 - - [24/Jul/2015:15:34:38 -0400] "GET /gt-fhir-webapp/base/metadata HTTP/1.1" 200 6192
127.0.0.1 - - [24/Jul/2015:15:34:38 -0400] "GET /gt-fhir-webapp/base/metadata HTTP/1.1" 200 6192
0:0:0:0:0:0:0:1 - - [24/Jul/2015:15:34:40 -0400] "GET /gt-fhir-webapp/resource?serverId=home&resource=MedicationDispense HTTP/1.1" 200 78088
127.0.0.1 - - [24/Jul/2015:15:34:42 -0400] "GET /gt-fhir-webapp/base/metadata HTTP/1.1" 200 6192
127.0.0.1 - - [24/Jul/2015:15:34:48 -0400] "GET /gt-fhir-webapp/base/MedicationDispense HTTP/1.1" 200 612
0:0:0:0:0:0:0:1 - - [24/Jul/2015:15:34:49 -0400] "GET /gt-fhir-webapp/search?serverId=home&resource=MedicationDispense&param.0.qualifier=&param.0.0=&param.0.name=_id&param.0.type=string&sort_by=&sort_direction=&resource-search-limit= HTTP/1.1" 200 93034
127.0.0.1 - - [24/Jul/2015:15:38:09 -0400] "GET /gt-fhir-webapp/base/metadata HTTP/1.1" 200 6193
127.0.0.1 - - [24/Jul/2015:15:38:09 -0400] "GET /gt-fhir-webapp/base?_getpages=126b9640-e6fd-4f68-8bce-cff286c256cf&_getpagesoffset=10&_count=10&_pretty=true HTTP/1.1" 200 610
0:0:0:0:0:0:0:1 - - [24/Jul/2015:15:38:10 -0400] "GET /gt-fhir-webapp/page?serverId=home&resource=MedicationDispense&page-url=http%3A%2F%2Flocalhost%3A8080%2Fgt-fhir-webapp%2Fbase%3F_getpages%3D126b9640-e6fd-4f68-8bce-cff286c256cf%26amp%3B_getpagesoffset%3D10%26amp%3B_count%3D10%26amp%3B_pretty%3Dtrue HTTP/1.1" 200 93564
127.0.0.1 - - [24/Jul/2015:15:38:20 -0400] "GET /gt-fhir-webapp/base/metadata HTTP/1.1" 200 6192
0:0:0:0:0:0:0:1 - - [24/Jul/2015:15:38:21 -0400] "GET /gt-fhir-webapp/page?serverId=home&resource=MedicationDispense&page-url=http%3A%2F%2Flocalhost%3A8080%2Fgt-fhir-webapp%2Fbase%3F_getpages%3D126b9640-e6fd-4f68-8bce-cff286c256cf%26amp%3B_getpagesoffset%3D20%26amp%3B_count%3D10%26amp%3B_pretty%3Dtrue HTTP/1.1" 200 93567
127.0.0.1 - - [24/Jul/2015:15:50:11 -0400] "GET /gt-fhir-webapp/base/metadata HTTP/1.1" 200 6192
127.0.0.1 - - [24/Jul/2015:15:50:11 -0400] "GET /gt-fhir-webapp/base/metadata HTTP/1.1" 200 6192
0:0:0:0:0:0:0:1 - - [24/Jul/2015:15:50:12 -0400] "GET /gt-fhir-webapp/resource?serverId=home&resource=MedicationPrescription HTTP/1.1" 200 77021
127.0.0.1 - - [24/Jul/2015:15:50:17 -0400] "GET /gt-fhir-webapp/base/metadata HTTP/1.1" 200 6192
127.0.0.1 - - [24/Jul/2015:15:50:19 -0400] "GET /gt-fhir-webapp/base/MedicationPrescription HTTP/1.1" 500 359
0:0:0:0:0:0:0:1 - - [24/Jul/2015:15:50:19 -0400] "GET /gt-fhir-webapp/search?serverId=home&resource=MedicationPrescription&param.0.qualifier=&param.0.0=&param.0.name=_id&param.0.type=string&sort_by=&sort_direction=&resource-search-limit= HTTP/1.1" 200 57907
127.0.0.1 - - [24/Jul/2015:15:54:32 -0400] "GET /gt-fhir-webapp/base/metadata HTTP/1.1" 200 6192
127.0.0.1 - - [24/Jul/2015:15:54:32 -0400] "GET /gt-fhir-webapp/base/metadata HTTP/1.1" 200 6192
127.0.0.1 - - [24/Jul/2015:15:54:36 -0400] "GET /gt-fhir-webapp/base/MedicationPrescription HTTP/1.1" 200 1225
0:0:0:0:0:0:0:1 - - [24/Jul/2015:15:54:37 -0400] "GET /gt-fhir-webapp/search?serverId=home&resource=MedicationPrescription&param.0.qualifier=&param.0.0=&param.0.name=_id&param.0.type=string&sort_by=&sort_direction=&resource-search-limit= HTTP/1.1" 200 121643
127.0.0.1 - - [24/Jul/2015:16:01:17 -0400] "GET /gt-fhir-webapp/base/metadata HTTP/1.1" 200 6192
127.0.0.1 - - [24/Jul/2015:16:01:18 -0400] "GET /gt-fhir-webapp/base/metadata HTTP/1.1" 200 6192
127.0.0.1 - - [24/Jul/2015:16:01:20 -0400] "GET /gt-fhir-webapp/base/MedicationPrescription HTTP/1.1" 500 545
0:0:0:0:0:0:0:1 - - [24/Jul/2015:16:01:21 -0400] "GET /gt-fhir-webapp/search?serverId=home&resource=MedicationPrescription&param.0.qualifier=&param.0.0=&param.0.name=_id&param.0.type=string&sort_by=&sort_direction=&resource-search-limit= HTTP/1.1" 200 58203
127.0.0.1 - - [24/Jul/2015:16:33:01 -0400] "GET /gt-fhir-webapp/base/metadata HTTP/1.1" 200 6192
0:0:0:0:0:0:0:1 - - [24/Jul/2015:16:33:01 -0400] "GET /gt-fhir-webapp/resource?serverId=home&resource=MedicationPrescription HTTP/1.1" 200 77021
127.0.0.1 - - [24/Jul/2015:16:33:06 -0400] "GET /gt-fhir-webapp/base/metadata HTTP/1.1" 200 6192
127.0.0.1 - - [24/Jul/2015:16:33:07 -0400] "GET /gt-fhir-webapp/base/MedicationPrescription HTTP/1.1" 200 1223
0:0:0:0:0:0:0:1 - - [24/Jul/2015:16:33:08 -0400] "GET /gt-fhir-webapp/search?serverId=home&resource=MedicationPrescription&param.0.qualifier=&param.0.0=&param.0.name=_id&param.0.type=string&sort_by=&sort_direction=&resource-search-limit= HTTP/1.1" 200 121745
127.0.0.1 - - [24/Jul/2015:16:33:33 -0400] "GET /gt-fhir-webapp/base/metadata HTTP/1.1" 200 6191
0:0:0:0:0:0:0:1 - - [24/Jul/2015:16:33:34 -0400] "GET /gt-fhir-webapp/page?serverId=home&resource=MedicationPrescription&page-url=http%3A%2F%2Flocalhost%3A8080%2Fgt-fhir-webapp%2Fbase%3F_getpages%3D904afb44-1ed5-4473-a970-4156aa4a859f%26amp%3B_getpagesoffset%3D10%26amp%3B_count%3D10%26amp%3B_pretty%3Dtrue HTTP/1.1" 200 122226
127.0.0.1 - - [24/Jul/2015:16:33:45 -0400] "GET /gt-fhir-webapp/base/metadata HTTP/1.1" 200 6191
127.0.0.1 - - [24/Jul/2015:16:33:47 -0400] "GET /gt-fhir-webapp/base?_getpages=904afb44-1ed5-4473-a970-4156aa4a859f&_getpagesoffset=20&_count=10&_pretty=true HTTP/1.1" 200 1235
0:0:0:0:0:0:0:1 - - [24/Jul/2015:16:33:47 -0400] "GET /gt-fhir-webapp/page?serverId=home&resource=MedicationPrescription&page-url=http%3A%2F%2Flocalhost%3A8080%2Fgt-fhir-webapp%2Fbase%3F_getpages%3D904afb44-1ed5-4473-a970-4156aa4a859f%26amp%3B_getpagesoffset%3D20%26amp%3B_count%3D10%26amp%3B_pretty%3Dtrue HTTP/1.1" 200 122244
127.0.0.1 - - [24/Jul/2015:16:34:08 -0400] "GET /gt-fhir-webapp/base/metadata HTTP/1.1" 200 6191
0:0:0:0:0:0:0:1 - - [24/Jul/2015:16:34:08 -0400] "GET /gt-fhir-webapp/resource?serverId=home&resource=MedicationDispense&param.0.qualifier=&param.0.0=&param.0.name=_id&param.0.type=string&sort_by=&sort_direction=&resource-search-limit= HTTP/1.1" 200 78088
127.0.0.1 - - [24/Jul/2015:16:34:11 -0400] "GET /gt-fhir-webapp/base/metadata HTTP/1.1" 200 6192
127.0.0.1 - - [24/Jul/2015:16:34:11 -0400] "GET /gt-fhir-webapp/base/MedicationDispense HTTP/1.1" 200 639
0:0:0:0:0:0:0:1 - - [24/Jul/2015:16:34:12 -0400] "GET /gt-fhir-webapp/search?serverId=home&resource=MedicationDispense&param.0.qualifier=&param.0.0=&param.0.name=_id&param.0.type=string&sort_by=&sort_direction=&resource-search-limit= HTTP/1.1" 200 95760
127.0.0.1 - - [24/Jul/2015:16:45:07 -0400] "GET /gt-fhir-webapp/base/metadata HTTP/1.1" 200 6191
0:0:0:0:0:0:0:1 - - [24/Jul/2015:16:45:08 -0400] "GET /gt-fhir-webapp/search?serverId=home&resource=MedicationDispense&param.0.qualifier=&param.0.0=&param.0.name=_id&param.0.type=string&sort_by=&sort_direction=&resource-search-limit= HTTP/1.1" 200 95760
127.0.0.1 - - [24/Jul/2015:16:47:00 -0400] "GET /gt-fhir-webapp/base/metadata HTTP/1.1" 200 6190
0:0:0:0:0:0:0:1 - - [24/Jul/2015:16:47:01 -0400] "GET /gt-fhir-webapp/resource?serverId=home&resource=MedicationPrescription HTTP/1.1" 200 77021
127.0.0.1 - - [24/Jul/2015:16:47:03 -0400] "GET /gt-fhir-webapp/base/metadata HTTP/1.1" 200 6192
127.0.0.1 - - [24/Jul/2015:16:47:05 -0400] "GET /gt-fhir-webapp/base/MedicationPrescription HTTP/1.1" 200 1223
0:0:0:0:0:0:0:1 - - [24/Jul/2015:16:47:05 -0400] "GET /gt-fhir-webapp/search?serverId=home&resource=MedicationPrescription&param.0.qualifier=&param.0.0=&param.0.name=_id&param.0.type=string&sort_by=&sort_direction=&resource-search-limit= HTTP/1.1" 200 121745
127.0.0.1 - - [24/Jul/2015:16:47:34 -0400] "GET /gt-fhir-webapp/base/metadata HTTP/1.1" 200 6192
127.0.0.1 - - [24/Jul/2015:16:47:35 -0400] "GET /gt-fhir-webapp/base/MedicationPrescription?_sort%3Aasc=_id HTTP/1.1" 200 1239
0:0:0:0:0:0:0:1 - - [24/Jul/2015:16:47:35 -0400] "GET /gt-fhir-webapp/search?serverId=home&resource=MedicationPrescription&param.0.qualifier=&param.0.0=&param.0.name=_id&param.0.type=string&sort_by=_id&sort_direction=asc&resource-search-limit= HTTP/1.1" 200 121925
127.0.0.1 - - [24/Jul/2015:17:03:03 -0400] "GET / HTTP/1.1" 404 994
127.0.0.1 - - [24/Jul/2015:17:03:22 -0400] "GET /gt-fhir-webapp/base/metadata HTTP/1.1" 200 6189
127.0.0.1 - - [24/Jul/2015:17:03:23 -0400] "GET /gt-fhir-webapp/base/metadata HTTP/1.1" 200 6189
127.0.0.1 - - [24/Jul/2015:17:03:25 -0400] "GET /gt-fhir-webapp/base/MedicationPrescription?_sort%3Aasc=_id HTTP/1.1" 500 441
0:0:0:0:0:0:0:1 - - [24/Jul/2015:17:03:27 -0400] "GET /gt-fhir-webapp/search?serverId=home&resource=MedicationPrescription&param.0.qualifier=&param.0.0=&param.0.name=_id&param.0.type=string&sort_by=_id&sort_direction=asc&resource-search-limit= HTTP/1.1" 200 58264
127.0.0.1 - - [24/Jul/2015:17:08:28 -0400] "GET /gt-fhir-webapp/base/metadata HTTP/1.1" 200 6189
127.0.0.1 - - [24/Jul/2015:17:08:28 -0400] "GET /gt-fhir-webapp/base/metadata HTTP/1.1" 200 6189
127.0.0.1 - - [24/Jul/2015:17:08:33 -0400] "GET /gt-fhir-webapp/base/MedicationPrescription?_sort%3Aasc=_id HTTP/1.1" 200 1240
0:0:0:0:0:0:0:1 - - [24/Jul/2015:17:08:35 -0400] "GET /gt-fhir-webapp/search?serverId=home&resource=MedicationPrescription&param.0.qualifier=&param.0.0=&param.0.name=_id&param.0.type=string&sort_by=_id&sort_direction=asc&resource-search-limit= HTTP/1.1" 200 121824
127.0.0.1 - - [24/Jul/2015:17:51:04 -0400] "GET /gt-fhir-webapp/base/metadata HTTP/1.1" 200 6189
127.0.0.1 - - [24/Jul/2015:17:51:04 -0400] "GET /gt-fhir-webapp/base/metadata HTTP/1.1" 200 6189
0:0:0:0:0:0:0:1 - - [24/Jul/2015:17:51:06 -0400] "GET /gt-fhir-webapp/resource?serverId=home&resource=MedicationPrescription HTTP/1.1" 200 77021
0:0:0:0:0:0:0:1 - - [24/Jul/2015:17:51:06 -0400] "GET /gt-fhir-webapp/js/RestfulTester.js HTTP/1.1" 304 -
127.0.0.1 - - [24/Jul/2015:17:51:16 -0400] "GET /gt-fhir-webapp/base/metadata HTTP/1.1" 200 6189
127.0.0.1 - - [24/Jul/2015:17:51:20 -0400] "GET /gt-fhir-webapp/base/MedicationPrescription?_sort%3Aasc=_id HTTP/1.1" 200 1257
0:0:0:0:0:0:0:1 - - [24/Jul/2015:17:51:21 -0400] "GET /gt-fhir-webapp/search?serverId=home&resource=MedicationPrescription&param.0.qualifier=&param.0.0=&param.0.name=_id&param.0.type=string&sort_by=_id&sort_direction=asc&resource-search-limit= HTTP/1.1" 200 118653
127.0.0.1 - - [24/Jul/2015:17:51:36 -0400] "GET /gt-fhir-webapp/base/metadata HTTP/1.1" 200 6189
127.0.0.1 - - [24/Jul/2015:17:51:37 -0400] "GET /gt-fhir-webapp/base/MedicationPrescription?_sort%3Adesc=_id HTTP/1.1" 200 1189
0:0:0:0:0:0:0:1 - - [24/Jul/2015:17:51:38 -0400] "GET /gt-fhir-webapp/search?serverId=home&resource=MedicationPrescription&param.0.qualifier=&param.0.0=&param.0.name=_id&param.0.type=string&sort_by=_id&sort_direction=desc&resource-search-limit= HTTP/1.1" 200 118887
127.0.0.1 - - [24/Jul/2015:17:52:04 -0400] "GET /gt-fhir-webapp/base/metadata HTTP/1.1" 200 6189
0:0:0:0:0:0:0:1 - - [24/Jul/2015:17:52:04 -0400] "GET /gt-fhir-webapp/resource?serverId=home&resource=MedicationDispense HTTP/1.1" 200 78088
127.0.0.1 - - [24/Jul/2015:17:52:13 -0400] "GET /gt-fhir-webapp/base/metadata HTTP/1.1" 200 6189
0:0:0:0:0:0:0:1 - - [24/Jul/2015:17:52:15 -0400] "GET /gt-fhir-webapp/search?serverId=home&resource=MedicationDispense&param.0.qualifier=&param.0.0=&param.0.name=_id&param.0.type=string&sort_by=&sort_direction=&resource-search-limit= HTTP/1.1" 200 92589
127.0.0.1 - - [24/Jul/2015:17:56:17 -0400] "GET /gt-fhir-webapp/base/metadata HTTP/1.1" 200 6189
0:0:0:0:0:0:0:1 - - [24/Jul/2015:17:56:18 -0400] "GET /gt-fhir-webapp/page?serverId=home&resource=MedicationDispense&page-url=http%3A%2F%2Flocalhost%3A8080%2Fgt-fhir-webapp%2Fbase%3F_getpages%3D2475f301-f52c-4254-b9c5-d8a0edb98d65%26amp%3B_getpagesoffset%3D10%26amp%3B_count%3D10%26amp%3B_pretty%3Dtrue HTTP/1.1" 200 93069
127.0.0.1 - - [24/Jul/2015:17:57:15 -0400] "GET /gt-fhir-webapp/base/metadata HTTP/1.1" 200 6187
0:0:0:0:0:0:0:1 - - [24/Jul/2015:17:57:15 -0400] "GET /gt-fhir-webapp/resource?serverId=home&resource=Condition HTTP/1.1" 200 78047
127.0.0.1 - - [24/Jul/2015:17:57:23 -0400] "GET /gt-fhir-webapp/base/metadata HTTP/1.1" 200 6189
0:0:0:0:0:0:0:1 - - [24/Jul/2015:17:57:24 -0400] "GET /gt-fhir-webapp/resource?serverId=home&resource=Patient HTTP/1.1" 200 80115
127.0.0.1 - - [24/Jul/2015:17:57:29 -0400] "GET /gt-fhir-webapp/base/metadata HTTP/1.1" 200 6189
0:0:0:0:0:0:0:1 - - [24/Jul/2015:17:57:31 -0400] "GET /gt-fhir-webapp/search?serverId=home&resource=Patient&param.0.qualifier=&param.0.0=&param.0.name=_id&param.0.type=string&sort_by=&sort_direction=&resource-search-limit= HTTP/1.1" 200 113757
127.0.0.1 - - [24/Jul/2015:17:57:46 -0400] "GET /gt-fhir-webapp/base/metadata HTTP/1.1" 200 6189
127.0.0.1 - - [24/Jul/2015:17:57:47 -0400] "GET /gt-fhir-webapp/base/Patient/4/_history HTTP/1.1" 500 561
0:0:0:0:0:0:0:1 - - [24/Jul/2015:17:57:47 -0400] "GET /gt-fhir-webapp/history-type?serverId=home&resource=Patient&param.0.qualifier=&param.0.0=&param.0.name=_id&param.0.type=string&sort_by=&sort_direction=&resource-search-limit=&limit=&since=&resource-history-id=4 HTTP/1.1" 200 57377
127.0.0.1 - - [24/Jul/2015:18:09:06 -0400] "GET /gt-fhir-webapp/base/metadata HTTP/1.1" 200 6189
127.0.0.1 - - [24/Jul/2015:18:09:07 -0400] "GET /gt-fhir-webapp/base/metadata HTTP/1.1" 200 6188
0:0:0:0:0:0:0:1 - - [24/Jul/2015:18:09:09 -0400] "GET /gt-fhir-webapp/resource?serverId=home&resource=Patient&param.0.qualifier=&param.0.0=&param.0.name=_id&param.0.type=string&sort_by=&sort_direction=&resource-search-limit=&limit=&since=&resource-history-id=4 HTTP/1.1" 200 80115
127.0.0.1 - - [24/Jul/2015:18:09:17 -0400] "GET /gt-fhir-webapp/base/metadata HTTP/1.1" 200 6189
127.0.0.1 - - [24/Jul/2015:18:09:19 -0400] "GET /gt-fhir-webapp/base/Patient/4/_history HTTP/1.1" 500 561
0:0:0:0:0:0:0:1 - - [24/Jul/2015:18:09:19 -0400] "GET /gt-fhir-webapp/history-type?serverId=home&resource=Patient&limit=&since=&resource-history-id=4 HTTP/1.1" 200 57378
127.0.0.1 - - [24/Jul/2015:18:10:40 -0400] "GET /gt-fhir-webapp/base/metadata HTTP/1.1" 200 6189
0:0:0:0:0:0:0:1 - - [24/Jul/2015:18:10:40 -0400] "GET /gt-fhir-webapp/resource?serverId=home&resource=Patient HTTP/1.1" 200 80115
127.0.0.1 - - [24/Jul/2015:18:10:48 -0400] "GET /gt-fhir-webapp/base/metadata HTTP/1.1" 200 6189
0:0:0:0:0:0:0:1 - - [24/Jul/2015:18:10:58 -0400] "GET /gt-fhir-webapp/history-type?serverId=home&resource=Patient&limit=&since=&resource-history-id=4 HTTP/1.1" 200 52542
127.0.0.1 - - [24/Jul/2015:18:13:03 -0400] "GET /gt-fhir-webapp/base/metadata HTTP/1.1" 200 6189
127.0.0.1 - - [24/Jul/2015:18:13:04 -0400] "GET /gt-fhir-webapp/base/metadata HTTP/1.1" 200 6189
0:0:0:0:0:0:0:1 - - [24/Jul/2015:18:13:05 -0400] "GET /gt-fhir-webapp/resource?serverId=home&resource=Patient HTTP/1.1" 200 80115
127.0.0.1 - - [24/Jul/2015:18:13:15 -0400] "GET /gt-fhir-webapp/base/metadata HTTP/1.1" 200 6187
127.0.0.1 - - [24/Jul/2015:18:13:17 -0400] "GET /gt-fhir-webapp/base/Patient/4/_history HTTP/1.1" 200 731
0:0:0:0:0:0:0:1 - - [24/Jul/2015:18:13:17 -0400] "GET /gt-fhir-webapp/history-type?serverId=home&resource=Patient&limit=&since=&resource-history-id=4 HTTP/1.1" 200 75022
127.0.0.1 - - [24/Jul/2015:18:13:33 -0400] "GET /gt-fhir-webapp/base/metadata HTTP/1.1" 200 6189
0:0:0:0:0:0:0:1 - - [24/Jul/2015:18:13:35 -0400] "GET /gt-fhir-webapp/search?serverId=home&resource=Patient&param.0.qualifier=&param.0.0=&param.0.name=_id&param.0.type=string&sort_by=&sort_direction=&resource-search-limit=&limit=&since=&resource-history-id=4 HTTP/1.1" 200 116935
127.0.0.1 - - [24/Jul/2015:18:14:18 -0400] "GET /gt-fhir-webapp/base/metadata HTTP/1.1" 200 6189
0:0:0:0:0:0:0:1 - - [24/Jul/2015:18:14:28 -0400] "GET /gt-fhir-webapp/search?serverId=home&resource=Patient&param.0.qualifier=&param.0.0=&param.0.name=_id&param.0.type=string&sort_by=&sort_direction=&resource-search-limit=&limit=&since=&resource-history-id=4 HTTP/1.1" 200 53271
127.0.0.1 - - [24/Jul/2015:18:17:45 -0400] "GET /gt-fhir-webapp/base/metadata HTTP/1.1" 200 6189
127.0.0.1 - - [24/Jul/2015:18:17:46 -0400] "GET /gt-fhir-webapp/base/metadata HTTP/1.1" 200 6188
0:0:0:0:0:0:0:1 - - [24/Jul/2015:18:17:48 -0400] "GET /gt-fhir-webapp/resource?serverId=home&resource=Patient HTTP/1.1" 200 80115
127.0.0.1 - - [24/Jul/2015:18:18:06 -0400] "GET /gt-fhir-webapp/base/metadata HTTP/1.1" 200 6189
127.0.0.1 - - [24/Jul/2015:18:18:08 -0400] "GET /gt-fhir-webapp/base/Patient HTTP/1.1" 200 1571
0:0:0:0:0:0:0:1 - - [24/Jul/2015:18:18:09 -0400] "GET /gt-fhir-webapp/search?serverId=home&resource=Patient&param.0.qualifier=&param.0.0=&param.0.name=_id&param.0.type=string&sort_by=&sort_direction=&resource-search-limit= HTTP/1.1" 200 116935
127.0.0.1 - - [24/Jul/2015:18:22:57 -0400] "GET /gt-fhir-webapp/base/metadata HTTP/1.1" 200 6189
127.0.0.1 - - [24/Jul/2015:18:22:57 -0400] "GET /gt-fhir-webapp/base/metadata HTTP/1.1" 200 6189
127.0.0.1 - - [24/Jul/2015:18:23:00 -0400] "GET /gt-fhir-webapp/base/Patient HTTP/1.1" 200 1574
0:0:0:0:0:0:0:1 - - [24/Jul/2015:18:23:01 -0400] "GET /gt-fhir-webapp/search?serverId=home&resource=Patient&param.0.qualifier=&param.0.0=&param.0.name=_id&param.0.type=string&sort_by=&sort_direction=&resource-search-limit= HTTP/1.1" 200 116935
127.0.0.1 - - [24/Jul/2015:18:26:06 -0400] "GET /gt-fhir-webapp/base/metadata HTTP/1.1" 200 6188
127.0.0.1 - - [24/Jul/2015:18:26:06 -0400] "GET /gt-fhir-webapp/base/metadata HTTP/1.1" 200 6190
127.0.0.1 - - [24/Jul/2015:18:26:09 -0400] "GET /gt-fhir-webapp/base/Patient HTTP/1.1" 200 1571
0:0:0:0:0:0:0:1 - - [24/Jul/2015:18:26:10 -0400] "GET /gt-fhir-webapp/search?serverId=home&resource=Patient&param.0.qualifier=&param.0.0=&param.0.name=_id&param.0.type=string&sort_by=&sort_direction=&resource-search-limit= HTTP/1.1" 200 116935
127.0.0.1 - - [24/Jul/2015:18:26:38 -0400] "GET /gt-fhir-webapp/base/metadata HTTP/1.1" 200 6189
0:0:0:0:0:0:0:1 - - [24/Jul/2015:18:26:38 -0400] "GET /gt-fhir-webapp/resource?serverId=home&resource=MedicationDispense HTTP/1.1" 200 78088
127.0.0.1 - - [24/Jul/2015:18:26:41 -0400] "GET /gt-fhir-webapp/base/metadata HTTP/1.1" 200 6189
127.0.0.1 - - [24/Jul/2015:18:26:41 -0400] "GET /gt-fhir-webapp/base/MedicationDispense HTTP/1.1" 200 618
0:0:0:0:0:0:0:1 - - [24/Jul/2015:18:26:41 -0400] "GET /gt-fhir-webapp/search?serverId=home&resource=MedicationDispense&param.0.qualifier=&param.0.0=&param.0.name=_id&param.0.type=string&sort_by=&sort_direction=&resource-search-limit= HTTP/1.1" 200 92589
127.0.0.1 - - [24/Jul/2015:19:07:58 -0400] "GET /gt-fhir-webapp/base/metadata HTTP/1.1" 200 6189
127.0.0.1 - - [24/Jul/2015:19:07:58 -0400] "GET /gt-fhir-webapp/base/metadata HTTP/1.1" 200 6189
0:0:0:0:0:0:0:1 - - [24/Jul/2015:19:08:00 -0400] "GET /gt-fhir-webapp/resource?serverId=home&resource=Patient&param.0.qualifier=&param.0.0=&param.0.name=_id&param.0.type=string&sort_by=&sort_direction=&resource-search-limit= HTTP/1.1" 200 80115
127.0.0.1 - - [24/Jul/2015:19:08:08 -0400] "GET /gt-fhir-webapp/base/metadata HTTP/1.1" 200 6189
0:0:0:0:0:0:0:1 - - [24/Jul/2015:19:08:19 -0400] "GET /gt-fhir-webapp/search?serverId=home&resource=Patient&param.0.qualifier=&param.0.0=&param.0.name=_id&param.0.type=string&sort_by=&sort_direction=&resource-search-limit= HTTP/1.1" 200 53271
127.0.0.1 - - [24/Jul/2015:19:09:35 -0400] "GET /gt-fhir-webapp/base/metadata HTTP/1.1" 200 6189
127.0.0.1 - - [24/Jul/2015:19:09:35 -0400] "GET /gt-fhir-webapp/base/Patient HTTP/1.1" 200 1545
0:0:0:0:0:0:0:1 - - [24/Jul/2015:19:09:36 -0400] "GET /gt-fhir-webapp/search?serverId=home&resource=Patient&param.0.qualifier=&param.0.0=&param.0.name=_id&param.0.type=string&sort_by=&sort_direction=&resource-search-limit= HTTP/1.1" 200 113757
127.0.0.1 - - [24/Jul/2015:19:10:39 -0400] "GET /gt-fhir-webapp/base/metadata HTTP/1.1" 200 6189
127.0.0.1 - - [24/Jul/2015:19:10:39 -0400] "GET /gt-fhir-webapp/base/Patient/4/_history HTTP/1.1" 200 731
0:0:0:0:0:0:0:1 - - [24/Jul/2015:19:10:40 -0400] "GET /gt-fhir-webapp/history-type?serverId=home&resource=Patient&param.0.qualifier=&param.0.0=&param.0.name=_id&param.0.type=string&sort_by=&sort_direction=&resource-search-limit=&limit=&since=&resource-history-id=4 HTTP/1.1" 200 75021
127.0.0.1 - - [24/Jul/2015:19:49:58 -0400] "GET / HTTP/1.1" 404 994
127.0.0.1 - - [24/Jul/2015:19:50:22 -0400] "GET /gt-fhir-webapp/base/metadata HTTP/1.1" 200 6189
127.0.0.1 - - [24/Jul/2015:19:50:23 -0400] "GET /gt-fhir-webapp/base/metadata HTTP/1.1" 200 6189
0:0:0:0:0:0:0:1 - - [24/Jul/2015:19:50:24 -0400] "GET /gt-fhir-webapp/resource?serverId=home&resource=Condition HTTP/1.1" 200 78047
0:0:0:0:0:0:0:1 - - [24/Jul/2015:19:50:24 -0400] "GET /gt-fhir-webapp/js/moment.min.js HTTP/1.1" 304 -
0:0:0:0:0:0:0:1 - - [24/Jul/2015:19:50:24 -0400] "GET /gt-fhir-webapp/css/tester.css HTTP/1.1" 304 -
0:0:0:0:0:0:0:1 - - [24/Jul/2015:19:50:24 -0400] "GET /gt-fhir-webapp/js/jquery-2.1.0.min.js HTTP/1.1" 304 -
0:0:0:0:0:0:0:1 - - [24/Jul/2015:19:50:25 -0400] "GET /gt-fhir-webapp/js/bootstrap.min.js HTTP/1.1" 304 -
0:0:0:0:0:0:0:1 - - [24/Jul/2015:19:50:25 -0400] "GET /gt-fhir-webapp/js/bootstrap-datetimepicker.min.js HTTP/1.1" 304 -
0:0:0:0:0:0:0:1 - - [24/Jul/2015:19:50:25 -0400] "GET /gt-fhir-webapp/js/select2.min.js HTTP/1.1" 304 -
0:0:0:0:0:0:0:1 - - [24/Jul/2015:19:50:25 -0400] "GET /gt-fhir-webapp/css/select2.css HTTP/1.1" 304 -
0:0:0:0:0:0:0:1 - - [24/Jul/2015:19:50:25 -0400] "GET /gt-fhir-webapp/css/hapi-narrative.css HTTP/1.1" 304 -
0:0:0:0:0:0:0:1 - - [24/Jul/2015:19:50:25 -0400] "GET /gt-fhir-webapp/css/bootstrap.min.css HTTP/1.1" 304 -
0:0:0:0:0:0:0:1 - - [24/Jul/2015:19:50:25 -0400] "GET /gt-fhir-webapp/css/bootstrap-datetimepicker.min.css HTTP/1.1" 304 -
0:0:0:0:0:0:0:1 - - [24/Jul/2015:19:50:25 -0400] "GET /gt-fhir-webapp/fa/css/font-awesome.min.css HTTP/1.1" 304 -
0:0:0:0:0:0:0:1 - - [24/Jul/2015:19:50:26 -0400] "GET /gt-fhir-webapp/img/hapi_fhir_banner_right.png HTTP/1.1" 304 -
0:0:0:0:0:0:0:1 - - [24/Jul/2015:19:50:26 -0400] "GET /gt-fhir-webapp/img/hapi_fhir_banner.png HTTP/1.1" 304 -
0:0:0:0:0:0:0:1 - - [24/Jul/2015:19:50:26 -0400] "GET /gt-fhir-webapp/css/select2.png HTTP/1.1" 304 -
127.0.0.1 - - [24/Jul/2015:19:55:29 -0400] "GET /gt-fhir-webapp/base/metadata HTTP/1.1" 200 6189
127.0.0.1 - - [24/Jul/2015:19:55:31 -0400] "GET /gt-fhir-webapp/base/Condition?_id=2 HTTP/1.1" 500 441
0:0:0:0:0:0:0:1 - - [24/Jul/2015:19:55:31 -0400] "GET /gt-fhir-webapp/search?serverId=home&resource=Condition&param.0.qualifier=&param.0.0=2&param.0.name=_id&param.0.type=string&sort_by=&sort_direction=&resource-search-limit= HTTP/1.1" 200 58212
0:0:0:0:0:0:0:1 - - [24/Jul/2015:19:55:31 -0400] "GET /gt-fhir-webapp/js/ClientCodeGeneratorHapi.js HTTP/1.1" 304 -
127.0.0.1 - - [24/Jul/2015:20:24:17 -0400] "GET /gt-fhir-webapp/base/metadata HTTP/1.1" 200 6189
127.0.0.1 - - [24/Jul/2015:20:24:18 -0400] "GET /gt-fhir-webapp/base/metadata HTTP/1.1" 200 6189
127.0.0.1 - - [24/Jul/2015:20:24:19 -0400] "GET /gt-fhir-webapp/base/Condition?_id=2 HTTP/1.1" 200 521
0:0:0:0:0:0:0:1 - - [24/Jul/2015:20:24:21 -0400] "GET /gt-fhir-webapp/search?serverId=home&resource=Condition&param.0.qualifier=&param.0.0=2&param.0.name=_id&param.0.type=string&sort_by=&sort_direction=&resource-search-limit= HTTP/1.1" 200 64035
0:0:0:0:0:0:0:1 - - [24/Jul/2015:20:24:22 -0400] "GET /gt-fhir-webapp/js/RestfulTester.js HTTP/1.1" 304 -
127.0.0.1 - - [24/Jul/2015:20:24:26 -0400] "GET /gt-fhir-webapp/base/metadata HTTP/1.1" 200 6189
127.0.0.1 - - [24/Jul/2015:20:24:27 -0400] "GET /gt-fhir-webapp/base/Condition/2 HTTP/1.1" 200 308
0:0:0:0:0:0:0:1 - - [24/Jul/2015:20:24:27 -0400] "GET /gt-fhir-webapp/read?serverId=home&resource=Condition&action=read&id=2&vid= HTTP/1.1" 200 57970
127.0.0.1 - - [24/Jul/2015:20:25:22 -0400] "GET /gt-fhir-webapp/base/metadata HTTP/1.1" 200 6189
0:0:0:0:0:0:0:1 - - [24/Jul/2015:20:25:22 -0400] "GET /gt-fhir-webapp/resource?serverId=home&resource=Encounter HTTP/1.1" 500 7771
127.0.0.1 - - [24/Jul/2015:20:26:48 -0400] "GET /gt-fhir-webapp/base/metadata HTTP/1.1" 200 6189
0:0:0:0:0:0:0:1 - - [24/Jul/2015:20:26:48 -0400] "GET /gt-fhir-webapp/resource?serverId=home&resource=Location HTTP/1.1" 500 7771
127.0.0.1 - - [24/Jul/2015:20:26:55 -0400] "GET /gt-fhir-webapp/base/metadata HTTP/1.1" 200 6188
0:0:0:0:0:0:0:1 - - [24/Jul/2015:20:26:55 -0400] "GET /gt-fhir-webapp/resource?serverId=home&resource=Medication HTTP/1.1" 500 7771
127.0.0.1 - - [24/Jul/2015:20:27:00 -0400] "GET /gt-fhir-webapp/base/metadata HTTP/1.1" 200 6187
0:0:0:0:0:0:0:1 - - [24/Jul/2015:20:27:00 -0400] "GET /gt-fhir-webapp/resource?serverId=home&resource=Condition HTTP/1.1" 500 7771
127.0.0.1 - - [24/Jul/2015:20:27:19 -0400] "GET /gt-fhir-webapp/base/metadata HTTP/1.1" 200 6189
0:0:0:0:0:0:0:1 - - [24/Jul/2015:20:27:20 -0400] "GET /gt-fhir-webapp/resource?serverId=home&resource=MedicationDispense HTTP/1.1" 500 7771
127.0.0.1 - - [24/Jul/2015:20:27:28 -0400] "GET /gt-fhir-webapp/base/metadata HTTP/1.1" 200 6189
127.0.0.1 - - [24/Jul/2015:20:27:29 -0400] "GET /gt-fhir-webapp/base/Condition/2 HTTP/1.1" 200 308
0:0:0:0:0:0:0:1 - - [24/Jul/2015:20:27:29 -0400] "GET /gt-fhir-webapp/read?serverId=home&resource=Condition&action=read&id=2&vid= HTTP/1.1" 200 57969
0:0:0:0:0:0:0:1 - - [24/Jul/2015:20:27:29 -0400] "GET /gt-fhir-webapp/js/bootstrap.min.js HTTP/1.1" 200 29115
0:0:0:0:0:0:0:1 - - [24/Jul/2015:20:27:29 -0400] "GET /gt-fhir-webapp/js/moment.min.js HTTP/1.1" 200 27529
0:0:0:0:0:0:0:1 - - [24/Jul/2015:20:27:29 -0400] "GET /gt-fhir-webapp/js/bootstrap-datetimepicker.min.js HTTP/1.1" 200 50645
0:0:0:0:0:0:0:1 - - [24/Jul/2015:20:27:29 -0400] "GET /gt-fhir-webapp/css/bootstrap.min.css HTTP/1.1" 200 99967
0:0:0:0:0:0:0:1 - - [24/Jul/2015:20:27:29 -0400] "GET /gt-fhir-webapp/css/select2.css HTTP/1.1" 200 18332
0:0:0:0:0:0:0:1 - - [24/Jul/2015:20:27:29 -0400] "GET /gt-fhir-webapp/css/bootstrap-datetimepicker.min.css HTTP/1.1" 200 4884
0:0:0:0:0:0:0:1 - - [24/Jul/2015:20:27:29 -0400] "GET /gt-fhir-webapp/js/select2.min.js HTTP/1.1" 200 64590
0:0:0:0:0:0:0:1 - - [24/Jul/2015:20:27:29 -0400] "GET /gt-fhir-webapp/css/hapi-narrative.css HTTP/1.1" 200 1282
0:0:0:0:0:0:0:1 - - [24/Jul/2015:20:27:29 -0400] "GET /gt-fhir-webapp/fa/css/font-awesome.min.css HTTP/1.1" 200 20769
0:0:0:0:0:0:0:1 - - [24/Jul/2015:20:27:29 -0400] "GET /gt-fhir-webapp/js/RestfulTester.js HTTP/1.1" 200 23884
0:0:0:0:0:0:0:1 - - [24/Jul/2015:20:27:29 -0400] "GET /gt-fhir-webapp/js/jquery-2.1.0.min.js HTTP/1.1" 200 83619
0:0:0:0:0:0:0:1 - - [24/Jul/2015:20:27:29 -0400] "GET /gt-fhir-webapp/css/tester.css HTTP/1.1" 200 5526
0:0:0:0:0:0:0:1 - - [24/Jul/2015:20:27:30 -0400] "GET /gt-fhir-webapp/img/hapi_fhir_banner_right.png HTTP/1.1" 200 5130
0:0:0:0:0:0:0:1 - - [24/Jul/2015:20:27:30 -0400] "GET /gt-fhir-webapp/img/hapi_fhir_banner.png HTTP/1.1" 200 18503
0:0:0:0:0:0:0:1 - - [24/Jul/2015:20:27:30 -0400] "GET /gt-fhir-webapp/fa/fonts/fontawesome-webfont.woff?v=4.1.0 HTTP/1.1" 200 83760
0:0:0:0:0:0:0:1 - - [24/Jul/2015:20:27:30 -0400] "GET /gt-fhir-webapp/fonts/glyphicons-halflings-regular.woff HTTP/1.1" 200 23320
127.0.0.1 - - [24/Jul/2015:20:27:33 -0400] "GET /gt-fhir-webapp/base/metadata HTTP/1.1" 200 6189
0:0:0:0:0:0:0:1 - - [24/Jul/2015:20:27:33 -0400] "GET /gt-fhir-webapp/resource?serverId=home&resource=Medication HTTP/1.1" 500 7771
127.0.0.1 - - [24/Jul/2015:20:32:13 -0400] "GET / HTTP/1.1" 404 994
127.0.0.1 - - [24/Jul/2015:20:32:26 -0400] "GET /gt-fhir-webapp/base/metadata HTTP/1.1" 200 6189
127.0.0.1 - - [24/Jul/2015:20:32:27 -0400] "GET /gt-fhir-webapp/base/metadata HTTP/1.1" 200 6191
0:0:0:0:0:0:0:1 - - [24/Jul/2015:20:32:27 -0400] "GET /gt-fhir-webapp/resource?serverId=home&resource=Location HTTP/1.1" 500 7771
127.0.0.1 - - [24/Jul/2015:20:33:43 -0400] "GET /gt-fhir-webapp/base/metadata HTTP/1.1" 200 6190
0:0:0:0:0:0:0:1 - - [24/Jul/2015:20:33:45 -0400] "GET /gt-fhir-webapp/resource?serverId=home&resource=Condition HTTP/1.1" 200 76375
127.0.0.1 - - [24/Jul/2015:20:34:52 -0400] "GET /gt-fhir-webapp/base/metadata HTTP/1.1" 200 6190
0:0:0:0:0:0:0:1 - - [24/Jul/2015:20:34:52 -0400] "GET /gt-fhir-webapp/resource?serverId=home&resource=Encounter HTTP/1.1" 200 76741
0:0:0:0:0:0:0:1 - - [24/Jul/2015:20:35:08 -0400] "GET /gt-fhir-webapp/css/select2-spinner.gif HTTP/1.1" 304 -
127.0.0.1 - - [24/Jul/2015:20:35:20 -0400] "GET /gt-fhir-webapp/base/metadata HTTP/1.1" 200 6190
127.0.0.1 - - [24/Jul/2015:20:35:21 -0400] "GET /gt-fhir-webapp/base/Encounter?_id=3 HTTP/1.1" 200 499
0:0:0:0:0:0:0:1 - - [24/Jul/2015:20:35:22 -0400] "GET /gt-fhir-webapp/search?serverId=home&resource=Encounter&param.0.qualifier=&param.0.0=3&param.0.name=_id&param.0.type=string&sort_by=&sort_direction=&resource-search-limit= HTTP/1.1" 200 63666
127.0.0.1 - - [24/Jul/2015:20:42:38 -0400] "GET /gt-fhir-webapp/base/metadata HTTP/1.1" 200 6190
127.0.0.1 - - [24/Jul/2015:20:42:39 -0400] "GET /gt-fhir-webapp/base/Encounter?_id=1000 HTTP/1.1" 200 583
0:0:0:0:0:0:0:1 - - [24/Jul/2015:20:42:39 -0400] "GET /gt-fhir-webapp/search?serverId=home&resource=Encounter&param.0.qualifier=&param.0.0=1000&param.0.name=_id&param.0.type=string&sort_by=&sort_direction=&resource-search-limit= HTTP/1.1" 200 65374
127.0.0.1 - - [24/Jul/2015:20:42:51 -0400] "GET /gt-fhir-webapp/base/metadata HTTP/1.1" 200 6191
0:0:0:0:0:0:0:1 - - [24/Jul/2015:20:42:52 -0400] "GET /gt-fhir-webapp/search?serverId=home&resource=Encounter&param.0.qualifier=&param.0.0=10000&param.0.name=_id&param.0.type=string&sort_by=&sort_direction=&resource-search-limit= HTTP/1.1" 200 59254
127.0.0.1 - - [24/Jul/2015:20:43:21 -0400] "GET /gt-fhir-webapp/base/metadata HTTP/1.1" 200 6190
127.0.0.1 - - [24/Jul/2015:20:43:21 -0400] "GET /gt-fhir-webapp/base/Encounter/6 HTTP/1.1" 200 286
0:0:0:0:0:0:0:1 - - [24/Jul/2015:20:43:21 -0400] "GET /gt-fhir-webapp/read?serverId=home&resource=Encounter&param.0.qualifier=&param.0.0=10000&param.0.name=_id&param.0.type=string&sort_by=&sort_direction=&resource-search-limit=&id=6&vid= HTTP/1.1" 200 57893
127.0.0.1 - - [24/Jul/2015:20:43:44 -0400] "GET /gt-fhir-webapp/base/metadata HTTP/1.1" 200 6190
0:0:0:0:0:0:0:1 - - [24/Jul/2015:20:43:44 -0400] "GET /gt-fhir-webapp/resource?serverId=home&resource=Location&param.0.qualifier=&param.0.0=10000&param.0.name=_id&param.0.type=string&sort_by=&sort_direction=&resource-search-limit=&id=6&vid= HTTP/1.1" 200 75873
127.0.0.1 - - [24/Jul/2015:20:44:04 -0400] "GET /gt-fhir-webapp/base/metadata HTTP/1.1" 200 6189
127.0.0.1 - - [24/Jul/2015:20:44:05 -0400] "GET /gt-fhir-webapp/base/Location/10000 HTTP/1.1" 500 441
0:0:0:0:0:0:0:1 - - [24/Jul/2015:20:44:05 -0400] "GET /gt-fhir-webapp/read?serverId=home&resource=Location&id=10000&vid= HTTP/1.1" 200 57259
127.0.0.1 - - [24/Jul/2015:20:44:39 -0400] "GET /gt-fhir-webapp/base/metadata HTTP/1.1" 200 6190
0:0:0:0:0:0:0:1 - - [24/Jul/2015:20:44:39 -0400] "GET /gt-fhir-webapp/resource?serverId=home&resource=Encounter HTTP/1.1" 200 76741
127.0.0.1 - - [24/Jul/2015:20:44:46 -0400] "GET /gt-fhir-webapp/base/metadata HTTP/1.1" 200 6191
127.0.0.1 - - [24/Jul/2015:20:44:47 -0400] "GET /gt-fhir-webapp/base/Encounter/1000 HTTP/1.1" 200 363
0:0:0:0:0:0:0:1 - - [24/Jul/2015:20:44:47 -0400] "GET /gt-fhir-webapp/read?serverId=home&resource=Encounter&id=1000&vid= HTTP/1.1" 200 59391
127.0.0.1 - - [24/Jul/2015:20:45:07 -0400] "GET /gt-fhir-webapp/base/metadata HTTP/1.1" 200 6190
0:0:0:0:0:0:0:1 - - [24/Jul/2015:20:45:08 -0400] "GET /gt-fhir-webapp/resource?serverId=home&resource=Condition HTTP/1.1" 200 76709
127.0.0.1 - - [24/Jul/2015:20:45:17 -0400] "GET /gt-fhir-webapp/base/metadata HTTP/1.1" 200 6191
127.0.0.1 - - [24/Jul/2015:20:45:17 -0400] "GET /gt-fhir-webapp/base/Condition/10000 HTTP/1.1" 500 441
0:0:0:0:0:0:0:1 - - [24/Jul/2015:20:45:17 -0400] "GET /gt-fhir-webapp/read?serverId=home&resource=Condition&id=10000&vid= HTTP/1.1" 200 57264
127.0.0.1 - - [24/Jul/2015:20:46:24 -0400] "GET /gt-fhir-webapp/base/metadata HTTP/1.1" 200 6191
0:0:0:0:0:0:0:1 - - [24/Jul/2015:20:46:24 -0400] "GET /gt-fhir-webapp/resource?serverId=home&resource=Condition HTTP/1.1" 200 76709
127.0.0.1 - - [24/Jul/2015:20:46:43 -0400] "GET /gt-fhir-webapp/base/metadata HTTP/1.1" 200 6191
127.0.0.1 - - [24/Jul/2015:20:46:43 -0400] "GET /gt-fhir-webapp/base/Condition?code=a HTTP/1.1" 500 441
0:0:0:0:0:0:0:1 - - [24/Jul/2015:20:46:43 -0400] "GET /gt-fhir-webapp/search?serverId=home&resource=Condition&param.0.0=&param.0.1=a&param.0.name=code&param.0.type=token&sort_by=&sort_direction=&resource-search-limit= HTTP/1.1" 200 58212
127.0.0.1 - - [24/Jul/2015:20:48:56 -0400] "GET /gt-fhir-webapp/base/metadata HTTP/1.1" 200 6191
0:0:0:0:0:0:0:1 - - [24/Jul/2015:20:49:07 -0400] "GET /gt-fhir-webapp/search?serverId=home&resource=Condition&param.0.0=&param.0.1=a&param.0.name=code&param.0.type=token&sort_by=&sort_direction=&resource-search-limit= HTTP/1.1" 200 53492
127.0.0.1 - - [24/Jul/2015:21:26:58 -0400] "GET /gt-fhir-webapp/base/metadata HTTP/1.1" 200 6191
127.0.0.1 - - [24/Jul/2015:21:26:59 -0400] "GET /gt-fhir-webapp/base/metadata HTTP/1.1" 200 6190
127.0.0.1 - - [24/Jul/2015:21:27:06 -0400] "GET /gt-fhir-webapp/base/Condition?code=a HTTP/1.1" 500 441
0:0:0:0:0:0:0:1 - - [24/Jul/2015:21:27:08 -0400] "GET /gt-fhir-webapp/search?serverId=home&resource=Condition&param.0.0=&param.0.1=a&param.0.name=code&param.0.type=token&sort_by=&sort_direction=&resource-search-limit= HTTP/1.1" 200 58214
127.0.0.1 - - [24/Jul/2015:21:28:18 -0400] "GET /gt-fhir-webapp/base/metadata HTTP/1.1" 200 6191
0:0:0:0:0:0:0:1 - - [24/Jul/2015:21:28:29 -0400] "GET /gt-fhir-webapp/search?serverId=home&resource=Condition&param.0.0=&param.0.1=a&param.0.name=code&param.0.type=token&sort_by=&sort_direction=&resource-search-limit= HTTP/1.1" 200 53492
127.0.0.1 - - [24/Jul/2015:21:33:45 -0400] "GET /gt-fhir-webapp/base/metadata HTTP/1.1" 200 6190
127.0.0.1 - - [24/Jul/2015:21:33:46 -0400] "GET /gt-fhir-webapp/base/metadata HTTP/1.1" 200 6190
127.0.0.1 - - [24/Jul/2015:21:33:54 -0400] "GET /gt-fhir-webapp/base/Condition?code=a HTTP/1.1" 200 263
0:0:0:0:0:0:0:1 - - [24/Jul/2015:21:33:55 -0400] "GET /gt-fhir-webapp/search?serverId=home&resource=Condition&param.0.0=&param.0.1=a&param.0.name=code&param.0.type=token&sort_by=&sort_direction=&resource-search-limit= HTTP/1.1" 200 59243
127.0.0.1 - - [24/Jul/2015:21:34:37 -0400] "GET /gt-fhir-webapp/base/metadata HTTP/1.1" 200 6190
127.0.0.1 - - [24/Jul/2015:21:34:37 -0400] "GET /gt-fhir-webapp/base/Condition?code=1 HTTP/1.1" 200 264
0:0:0:0:0:0:0:1 - - [24/Jul/2015:21:34:37 -0400] "GET /gt-fhir-webapp/search?serverId=home&resource=Condition&param.0.0=&param.0.1=1&param.0.name=code&param.0.type=token&sort_by=&sort_direction=&resource-search-limit= HTTP/1.1" 200 59241
127.0.0.1 - - [24/Jul/2015:21:46:52 -0400] "GET /gt-fhir-webapp/base/metadata HTTP/1.1" 200 6191
127.0.0.1 - - [24/Jul/2015:21:46:53 -0400] "GET /gt-fhir-webapp/base/Condition?code=59621000 HTTP/1.1" 200 756
0:0:0:0:0:0:0:1 - - [24/Jul/2015:21:46:53 -0400] "GET /gt-fhir-webapp/search?serverId=home&resource=Condition&param.0.0=&param.0.1=59621000&param.0.name=code&param.0.type=token&sort_by=&sort_direction=&resource-search-limit= HTTP/1.1" 200 96505
127.0.0.1 - - [24/Jul/2015:21:47:25 -0400] "GET /gt-fhir-webapp/base/metadata HTTP/1.1" 200 6189
0:0:0:0:0:0:0:1 - - [24/Jul/2015:21:47:26 -0400] "GET /gt-fhir-webapp/search?serverId=home&resource=Condition&param.0.0=&param.0.1=59621000&param.0.name=code&param.0.type=token&sort_by=_id&sort_direction=asc&resource-search-limit= HTTP/1.1" 200 96681
127.0.0.1 - - [24/Jul/2015:21:47:56 -0400] "GET /gt-fhir-webapp/base/metadata HTTP/1.1" 200 6191
127.0.0.1 - - [24/Jul/2015:21:47:56 -0400] "GET /gt-fhir-webapp/base/Condition/3 HTTP/1.1" 200 280
0:0:0:0:0:0:0:1 - - [24/Jul/2015:21:47:57 -0400] "GET /gt-fhir-webapp/read?serverId=home&resource=Condition&action=read&id=3&vid= HTTP/1.1" 200 57899
127.0.0.1 - - [24/Jul/2015:21:49:12 -0400] "GET /gt-fhir-webapp/base/metadata HTTP/1.1" 200 6191
0:0:0:0:0:0:0:1 - - [24/Jul/2015:21:49:13 -0400] "GET /gt-fhir-webapp/search?serverId=home&resource=Condition&param.0.qualifier=&param.0.0=7&param.0.name=encounter._id&param.0.type=string&sort_by=_id&sort_direction=asc&resource-search-limit= HTTP/1.1" 200 65567
127.0.0.1 - - [24/Jul/2015:21:50:49 -0400] "GET /gt-fhir-webapp/base/metadata HTTP/1.1" 200 6191
127.0.0.1 - - [24/Jul/2015:21:50:50 -0400] "GET /gt-fhir-webapp/base/Condition?subject.active=false&_sort%3Aasc=_id HTTP/1.1" 500 441
0:0:0:0:0:0:0:1 - - [24/Jul/2015:21:50:50 -0400] "GET /gt-fhir-webapp/search?serverId=home&resource=Condition&param.0.0=&param.0.1=false&param.0.name=subject.active&param.0.type=token&sort_by=_id&sort_direction=asc&resource-search-limit= HTTP/1.1" 200 58421
127.0.0.1 - - [24/Jul/2015:21:52:54 -0400] "GET /gt-fhir-webapp/base/metadata HTTP/1.1" 200 6191
127.0.0.1 - - [24/Jul/2015:21:52:54 -0400] "GET /gt-fhir-webapp/base/Condition?subject.name=Edwards&_sort%3Aasc=_id HTTP/1.1" 200 1025
0:0:0:0:0:0:0:1 - - [24/Jul/2015:21:52:55 -0400] "GET /gt-fhir-webapp/search?serverId=home&resource=Condition&param.0.qualifier=&param.0.0=Edwards&param.0.name=subject.name&param.0.type=string&sort_by=_id&sort_direction=asc&resource-search-limit= HTTP/1.1" 200 88761
127.0.0.1 - - [24/Jul/2015:21:53:31 -0400] "GET /gt-fhir-webapp/base/metadata HTTP/1.1" 200 6190
0:0:0:0:0:0:0:1 - - [24/Jul/2015:21:53:31 -0400] "GET /gt-fhir-webapp/resource?serverId=home&resource=Encounter HTTP/1.1" 200 76741
127.0.0.1 - - [24/Jul/2015:21:54:10 -0400] "GET /gt-fhir-webapp/base/metadata HTTP/1.1" 200 6191
127.0.0.1 - - [24/Jul/2015:21:54:10 -0400] "GET /gt-fhir-webapp/base/Encounter?date=%3E%3D2014-08-04&date=%3C%3D2015-07-24 HTTP/1.1" 200 288
0:0:0:0:0:0:0:1 - - [24/Jul/2015:21:54:11 -0400] "GET /gt-fhir-webapp/search?serverId=home&resource=Encounter&param.0.0=%3E%3D&param.0.1=2014-08-04&param.0.2=%3C%3D&param.0.3=2015-07-24&param.0.name=date&param.0.type=date&sort_by=&sort_direction=&resource-search-limit= HTTP/1.1" 200 59680
127.0.0.1 - - [24/Jul/2015:21:54:30 -0400] "GET /gt-fhir-webapp/base/metadata HTTP/1.1" 200 6191
127.0.0.1 - - [24/Jul/2015:21:54:30 -0400] "GET /gt-fhir-webapp/base/Encounter HTTP/1.1" 200 1002
0:0:0:0:0:0:0:1 - - [24/Jul/2015:21:54:30 -0400] "GET /gt-fhir-webapp/search?serverId=home&resource=Encounter&param.0.qualifier=&param.0.0=&param.0.name=_id&param.0.type=string&sort_by=&sort_direction=&resource-search-limit= HTTP/1.1" 200 96450
127.0.0.1 - - [24/Jul/2015:22:00:02 -0400] "GET /gt-fhir-webapp/base/metadata HTTP/1.1" 200 6189
0:0:0:0:0:0:0:1 - - [24/Jul/2015:22:00:03 -0400] "GET /gt-fhir-webapp/search?serverId=home&resource=Encounter&param.0.qualifier=&param.0.0=&param.0.name=_id&param.0.type=string&sort_by=&sort_direction=&resource-search-limit= HTTP/1.1" 200 96450
127.0.0.1 - - [24/Jul/2015:22:00:08 -0400] "GET /gt-fhir-webapp/base/metadata HTTP/1.1" 200 6189
0:0:0:0:0:0:0:1 - - [24/Jul/2015:22:00:08 -0400] "GET /gt-fhir-webapp/resource?serverId=home&resource=Encounter HTTP/1.1" 200 76741
127.0.0.1 - - [24/Jul/2015:22:00:12 -0400] "GET /gt-fhir-webapp/base/metadata HTTP/1.1" 200 6189
127.0.0.1 - - [24/Jul/2015:22:00:13 -0400] "GET /gt-fhir-webapp/base/Encounter HTTP/1.1" 200 1003
0:0:0:0:0:0:0:1 - - [24/Jul/2015:22:00:13 -0400] "GET /gt-fhir-webapp/search?serverId=home&resource=Encounter&param.0.qualifier=&param.0.0=&param.0.name=_id&param.0.type=string&sort_by=&sort_direction=&resource-search-limit= HTTP/1.1" 200 96450
127.0.0.1 - - [24/Jul/2015:22:12:19 -0400] "GET /gt-fhir-webapp/base/metadata HTTP/1.1" 200 6190
0:0:0:0:0:0:0:1 - - [24/Jul/2015:22:12:30 -0400] "GET /gt-fhir-webapp/search?serverId=home&resource=Encounter&param.0.qualifier=&param.0.0=&param.0.name=_id&param.0.type=string&sort_by=&sort_direction=&resource-search-limit= HTTP/1.1" 200 53285
127.0.0.1 - - [24/Jul/2015:22:16:40 -0400] "GET /gt-fhir-webapp/base/metadata HTTP/1.1" 200 6190
127.0.0.1 - - [24/Jul/2015:22:16:40 -0400] "GET /gt-fhir-webapp/base/metadata HTTP/1.1" 200 6191
127.0.0.1 - - [24/Jul/2015:22:16:51 -0400] "GET /gt-fhir-webapp/base/Encounter HTTP/1.1" 500 -
0:0:0:0:0:0:0:1 - - [24/Jul/2015:22:16:53 -0400] "GET /gt-fhir-webapp/search?serverId=home&resource=Encounter&param.0.qualifier=&param.0.0=&param.0.name=_id&param.0.type=string&sort_by=&sort_direction=&resource-search-limit= HTTP/1.1" 200 53285
127.0.0.1 - - [24/Jul/2015:22:17:09 -0400] "GET /gt-fhir-webapp/base/metadata HTTP/1.1" 200 6191
127.0.0.1 - - [24/Jul/2015:22:17:10 -0400] "GET /gt-fhir-webapp/base/Encounter HTTP/1.1" 200 767
